// Jest Snapshot v1, https://goo.gl/fbAQLP

exports[`Dashboard renders correctly 1`] = `
<h1>
  sidebar.Dashboard
</h1>
`;
