// Jest Snapshot v1, https://goo.gl/fbAQLP

exports[`Help component loads 1`] = `
<div>
  <div
    className="flex justify-center -mb-12 mt-40"
  >
    <button
      className="mr-2 pt-2 pb-2 pl-20 pr-20 bg-black text-white  rounded-md hover:bg-gray-600 focus:outline-none"
      onClick={[Function]}
    >
      uiElements.FAQ
    </button>
    <button
      className="mr-2 pt-2 pb-2 pl-20 pr-20 bg-white rounded-md hover:bg-gray-600 focus:outline-none"
      onClick={[Function]}
    >
      uiElements.Contact
    </button>
  </div>
  <div
    className="container mx-auto p-4 w-1/2 pt-20"
  >
    <h1
      className="text-4xl font-bold mb-4 text-start ml-20"
    >
      FAQ
    </h1>
    <ul>
      <ul
        className="mb-4"
      >
        <button
          className="flex items-center justify-between w-full bg-white p-2 rounded-md border border-gray-300 focus:outline-none"
          onClick={[Function]}
        >
          <span
            className="text-lg font-bold"
          >
            What is Lorem ipsum
          </span>
          <span
            className="ml-2"
          >
            ▼
          </span>
        </button>
      </ul>
      <ul
        className="mb-4"
      >
        <button
          className="flex items-center justify-between w-full bg-white p-2 rounded-md border border-gray-300 focus:outline-none"
          onClick={[Function]}
        >
          <span
            className="text-lg font-bold"
          >
            What is Lorem ipsum
          </span>
          <span
            className="ml-2"
          >
            ▼
          </span>
        </button>
      </ul>
      <ul
        className="mb-4"
      >
        <button
          className="flex items-center justify-between w-full bg-white p-2 rounded-md border border-gray-300 focus:outline-none"
          onClick={[Function]}
        >
          <span
            className="text-lg font-bold"
          >
            What is Lorem ipsum
          </span>
          <span
            className="ml-2"
          >
            ▼
          </span>
        </button>
      </ul>
      <ul
        className="mb-4"
      >
        <button
          className="flex items-center justify-between w-full bg-white p-2 rounded-md border border-gray-300 focus:outline-none"
          onClick={[Function]}
        >
          <span
            className="text-lg font-bold"
          >
            What is Lorem ipsum
          </span>
          <span
            className="ml-2"
          >
            ▼
          </span>
        </button>
      </ul>
      <ul
        className="mb-4"
      >
        <button
          className="flex items-center justify-between w-full bg-white p-2 rounded-md border border-gray-300 focus:outline-none"
          onClick={[Function]}
        >
          <span
            className="text-lg font-bold"
          >
            What is Lorem ipsum
          </span>
          <span
            className="ml-2"
          >
            ▼
          </span>
        </button>
      </ul>
      <ul
        className="mb-4"
      >
        <button
          className="flex items-center justify-between w-full bg-white p-2 rounded-md border border-gray-300 focus:outline-none"
          onClick={[Function]}
        >
          <span
            className="text-lg font-bold"
          >
            What is Lorem ipsum
          </span>
          <span
            className="ml-2"
          >
            ▼
          </span>
        </button>
      </ul>
      <ul
        className="mb-4"
      >
        <button
          className="flex items-center justify-between w-full bg-white p-2 rounded-md border border-gray-300 focus:outline-none"
          onClick={[Function]}
        >
          <span
            className="text-lg font-bold"
          >
            What is Lorem ipsum
          </span>
          <span
            className="ml-2"
          >
            ▼
          </span>
        </button>
      </ul>
    </ul>
  </div>
</div>
`;
